2: DeB
1: EA
1: BFBDB
2: FD
1: FCCBE
10: D
1: EDE
1: AA
1: DECFD
1: ABFB
1: EADDA
2: EE
5: E
3: CA
1: DCB
1: AEBC
9: A
3: CFE
1: CBAD
1: CABC
2: AD
5: F
1: DB1CFA
2: FC
1: 1
1: EDBFB1
1: FCB
4: AC
1: AEDFD
1: DCC
3: C
1: DB
1: CDFF
1: DBD
1: DBABB
1: EEBCD
2: ABAA
10: B
1: BBF
1: DF
2: DD
1: AEDF
1: FCEE
1: CDF
3: EDC
2: BE
1: BAF
1: DAFEB
1: CBBC
1: BCCFC
1: ABC
1: BFB
2: CDB
1: BCECB
1: AFEFA
1: CEFBF
1: EABA
1: ADD
1: FBA
1: DECC
1: EAFC
1: CCFF
1: CDADD
1: DBC
1: BBDC
1: AEED
4: BB
1: EF
1: AE
1: ABEF
2: ED
1: CECAD
1: EEECC
1: AFAD
1: EACE
1: BFE
1: FE
1: EBF
1: DAAFA
1: EEAEB
1: BA
1: BAD
1: CBAED
1: ACBF
1: DBBEB
1: CDBAE
1: EAFA
1: CEDD
1: CBCFA
1: BBEDE
1: DBDA
1: EFE
1: CEEC
1: AB
1: EBDDB
1: BDBDE
1: DCFFC
2: BC
1: DE
2: FA
1: FAA
1: ECAB
1: FBF
1: CEEA
1: FCCA
1: AFCAC
1: AAEDF
1: DDDD
1: CEAF
1: CD
2: EB
3: CC
1: BFF
1: EFBAD
1: DEECD
1: CFBFD
1: AAB
1: DFD
1: ECE
1: AFCB
1: ACCDB
1: FDEDD
1: BAEFB
1: CB
1: DECCB
1: ADAE
1: BECD
1: ACABD
1: FAF
1: CE
1: DDFE
1: EFCAD
1: ADEDF
1: CEAC
1: CAE
1: EC
1: FAE
1: ECC
1: DDA
1: FFBE
1: BAADB
1: DBEAC
1: CABF
1: FDAD
1: BAEFE
1: FEFBC
1: ADAC
1: DAEA
